Archive member included to satisfy reference by file (symbol)

d:/atmel/7.0/toolchain/avr8/avr8-gnu-toolchain/bin/../lib/gcc/avr/5.4.0/avr5\libgcc.a(_exit.o)
                              D:/Atmel/7.0/Packs/atmel/ATmega_DFP/1.3.300/gcc/dev/atmega32/avr5/crtatmega32.o (exit)
d:/atmel/7.0/toolchain/avr8/avr8-gnu-toolchain/bin/../lib/gcc/avr/5.4.0/avr5\libgcc.a(_copy_data.o)
                              defuse.o (__do_copy_data)
d:/atmel/7.0/toolchain/avr8/avr8-gnu-toolchain/bin/../lib/gcc/avr/5.4.0/avr5\libgcc.a(_clear_bss.o)
                              defusal_sm.o (__do_clear_bss)

Allocating common symbols
Common symbol       size              file

Defusal_State       0x1               defusal_sm.o
KBD_State           0x1               kbd_sm.o
flash               0x1               kbd_sm.o
rnd                 0x1               main.o

Discarded input sections

 .data          0x00000000        0x0 D:/Atmel/7.0/Packs/atmel/ATmega_DFP/1.3.300/gcc/dev/atmega32/avr5/crtatmega32.o
 .bss           0x00000000        0x0 D:/Atmel/7.0/Packs/atmel/ATmega_DFP/1.3.300/gcc/dev/atmega32/avr5/crtatmega32.o
 .text          0x00000000        0x0 avr.o
 .data          0x00000000        0x0 avr.o
 .bss           0x00000000        0x0 avr.o
 .text.avr_wait
                0x00000000       0x22 avr.o
 .text.avr_tmicrowait
                0x00000000       0x28 avr.o
 .debug_info    0x00000000       0xcf avr.o
 .debug_abbrev  0x00000000       0x7a avr.o
 .debug_loc     0x00000000       0x50 avr.o
 .debug_aranges
                0x00000000       0x28 avr.o
 .debug_ranges  0x00000000       0x18 avr.o
 .debug_line    0x00000000       0xfd avr.o
 .debug_str     0x00000000      0x1be avr.o
 .comment       0x00000000       0x31 avr.o
 .debug_frame   0x00000000       0x34 avr.o
 .text          0x00000000        0x0 bus2.o
 .data          0x00000000        0x0 bus2.o
 .bss           0x00000000        0x0 bus2.o
 .text          0x00000000        0x0 defusal_sm.o
 .data          0x00000000        0x0 defusal_sm.o
 .bss           0x00000000        0x0 defusal_sm.o
 .text          0x00000000        0x0 defuse.o
 .data          0x00000000        0x0 defuse.o
 .bss           0x00000000        0x0 defuse.o
 .text          0x00000000        0x0 kbd.o
 .data          0x00000000        0x0 kbd.o
 .bss           0x00000000        0x0 kbd.o
 .text.get_key  0x00000000       0x8c kbd.o
 .text.is_pressed
                0x00000000       0x50 kbd.o
 .text          0x00000000        0x0 kbd_sm.o
 .data          0x00000000        0x0 kbd_sm.o
 .bss           0x00000000        0x0 kbd_sm.o
 .text          0x00000000        0x0 main.o
 .data          0x00000000        0x0 main.o
 .bss           0x00000000        0x0 main.o
 .text          0x00000000        0x0 d:/atmel/7.0/toolchain/avr8/avr8-gnu-toolchain/bin/../lib/gcc/avr/5.4.0/avr5\libgcc.a(_exit.o)
 .data          0x00000000        0x0 d:/atmel/7.0/toolchain/avr8/avr8-gnu-toolchain/bin/../lib/gcc/avr/5.4.0/avr5\libgcc.a(_exit.o)
 .bss           0x00000000        0x0 d:/atmel/7.0/toolchain/avr8/avr8-gnu-toolchain/bin/../lib/gcc/avr/5.4.0/avr5\libgcc.a(_exit.o)
 .text.libgcc.mul
                0x00000000        0x0 d:/atmel/7.0/toolchain/avr8/avr8-gnu-toolchain/bin/../lib/gcc/avr/5.4.0/avr5\libgcc.a(_exit.o)
 .text.libgcc.div
                0x00000000        0x0 d:/atmel/7.0/toolchain/avr8/avr8-gnu-toolchain/bin/../lib/gcc/avr/5.4.0/avr5\libgcc.a(_exit.o)
 .text.libgcc   0x00000000        0x0 d:/atmel/7.0/toolchain/avr8/avr8-gnu-toolchain/bin/../lib/gcc/avr/5.4.0/avr5\libgcc.a(_exit.o)
 .text.libgcc.prologue
                0x00000000        0x0 d:/atmel/7.0/toolchain/avr8/avr8-gnu-toolchain/bin/../lib/gcc/avr/5.4.0/avr5\libgcc.a(_exit.o)
 .text.libgcc.builtins
                0x00000000        0x0 d:/atmel/7.0/toolchain/avr8/avr8-gnu-toolchain/bin/../lib/gcc/avr/5.4.0/avr5\libgcc.a(_exit.o)
 .text.libgcc.fmul
                0x00000000        0x0 d:/atmel/7.0/toolchain/avr8/avr8-gnu-toolchain/bin/../lib/gcc/avr/5.4.0/avr5\libgcc.a(_exit.o)
 .text.libgcc.fixed
                0x00000000        0x0 d:/atmel/7.0/toolchain/avr8/avr8-gnu-toolchain/bin/../lib/gcc/avr/5.4.0/avr5\libgcc.a(_exit.o)
 .text          0x00000000        0x0 d:/atmel/7.0/toolchain/avr8/avr8-gnu-toolchain/bin/../lib/gcc/avr/5.4.0/avr5\libgcc.a(_copy_data.o)
 .data          0x00000000        0x0 d:/atmel/7.0/toolchain/avr8/avr8-gnu-toolchain/bin/../lib/gcc/avr/5.4.0/avr5\libgcc.a(_copy_data.o)
 .bss           0x00000000        0x0 d:/atmel/7.0/toolchain/avr8/avr8-gnu-toolchain/bin/../lib/gcc/avr/5.4.0/avr5\libgcc.a(_copy_data.o)
 .text.libgcc.mul
                0x00000000        0x0 d:/atmel/7.0/toolchain/avr8/avr8-gnu-toolchain/bin/../lib/gcc/avr/5.4.0/avr5\libgcc.a(_copy_data.o)
 .text.libgcc.div
                0x00000000        0x0 d:/atmel/7.0/toolchain/avr8/avr8-gnu-toolchain/bin/../lib/gcc/avr/5.4.0/avr5\libgcc.a(_copy_data.o)
 .text.libgcc   0x00000000        0x0 d:/atmel/7.0/toolchain/avr8/avr8-gnu-toolchain/bin/../lib/gcc/avr/5.4.0/avr5\libgcc.a(_copy_data.o)
 .text.libgcc.prologue
                0x00000000        0x0 d:/atmel/7.0/toolchain/avr8/avr8-gnu-toolchain/bin/../lib/gcc/avr/5.4.0/avr5\libgcc.a(_copy_data.o)
 .text.libgcc.builtins
                0x00000000        0x0 d:/atmel/7.0/toolchain/avr8/avr8-gnu-toolchain/bin/../lib/gcc/avr/5.4.0/avr5\libgcc.a(_copy_data.o)
 .text.libgcc.fmul
                0x00000000        0x0 d:/atmel/7.0/toolchain/avr8/avr8-gnu-toolchain/bin/../lib/gcc/avr/5.4.0/avr5\libgcc.a(_copy_data.o)
 .text.libgcc.fixed
                0x00000000        0x0 d:/atmel/7.0/toolchain/avr8/avr8-gnu-toolchain/bin/../lib/gcc/avr/5.4.0/avr5\libgcc.a(_copy_data.o)
 .text          0x00000000        0x0 d:/atmel/7.0/toolchain/avr8/avr8-gnu-toolchain/bin/../lib/gcc/avr/5.4.0/avr5\libgcc.a(_clear_bss.o)
 .data          0x00000000        0x0 d:/atmel/7.0/toolchain/avr8/avr8-gnu-toolchain/bin/../lib/gcc/avr/5.4.0/avr5\libgcc.a(_clear_bss.o)
 .bss           0x00000000        0x0 d:/atmel/7.0/toolchain/avr8/avr8-gnu-toolchain/bin/../lib/gcc/avr/5.4.0/avr5\libgcc.a(_clear_bss.o)
 .text.libgcc.mul
                0x00000000        0x0 d:/atmel/7.0/toolchain/avr8/avr8-gnu-toolchain/bin/../lib/gcc/avr/5.4.0/avr5\libgcc.a(_clear_bss.o)
 .text.libgcc.div
                0x00000000        0x0 d:/atmel/7.0/toolchain/avr8/avr8-gnu-toolchain/bin/../lib/gcc/avr/5.4.0/avr5\libgcc.a(_clear_bss.o)
 .text.libgcc   0x00000000        0x0 d:/atmel/7.0/toolchain/avr8/avr8-gnu-toolchain/bin/../lib/gcc/avr/5.4.0/avr5\libgcc.a(_clear_bss.o)
 .text.libgcc.prologue
                0x00000000        0x0 d:/atmel/7.0/toolchain/avr8/avr8-gnu-toolchain/bin/../lib/gcc/avr/5.4.0/avr5\libgcc.a(_clear_bss.o)
 .text.libgcc.builtins
                0x00000000        0x0 d:/atmel/7.0/toolchain/avr8/avr8-gnu-toolchain/bin/../lib/gcc/avr/5.4.0/avr5\libgcc.a(_clear_bss.o)
 .text.libgcc.fmul
                0x00000000        0x0 d:/atmel/7.0/toolchain/avr8/avr8-gnu-toolchain/bin/../lib/gcc/avr/5.4.0/avr5\libgcc.a(_clear_bss.o)
 .text.libgcc.fixed
                0x00000000        0x0 d:/atmel/7.0/toolchain/avr8/avr8-gnu-toolchain/bin/../lib/gcc/avr/5.4.0/avr5\libgcc.a(_clear_bss.o)

Memory Configuration

Name             Origin             Length             Attributes
text             0x00000000         0x00020000         xr
data             0x00800060         0x0000ffa0         rw !x
eeprom           0x00810000         0x00010000         rw !x
fuse             0x00820000         0x00000002         rw !x
lock             0x00830000         0x00000400         rw !x
signature        0x00840000         0x00000400         rw !x
user_signatures  0x00850000         0x00000400         rw !x
*default*        0x00000000         0xffffffff

Linker script and memory map

LOAD D:/Atmel/7.0/Packs/atmel/ATmega_DFP/1.3.300/gcc/dev/atmega32/avr5/crtatmega32.o
LOAD avr.o
LOAD bus2.o
LOAD defusal_sm.o
LOAD defuse.o
LOAD kbd.o
LOAD kbd_sm.o
LOAD main.o
START GROUP
LOAD d:/atmel/7.0/toolchain/avr8/avr8-gnu-toolchain/bin/../lib/gcc/avr/5.4.0/../../../../avr/lib/avr5\libm.a
END GROUP
START GROUP
LOAD d:/atmel/7.0/toolchain/avr8/avr8-gnu-toolchain/bin/../lib/gcc/avr/5.4.0/avr5\libgcc.a
LOAD d:/atmel/7.0/toolchain/avr8/avr8-gnu-toolchain/bin/../lib/gcc/avr/5.4.0/../../../../avr/lib/avr5\libm.a
LOAD d:/atmel/7.0/toolchain/avr8/avr8-gnu-toolchain/bin/../lib/gcc/avr/5.4.0/../../../../avr/lib/avr5\libc.a
LOAD D:/Atmel/7.0/Packs/atmel/ATmega_DFP/1.3.300/gcc/dev/atmega32/avr5\libatmega32.a
END GROUP
                0x00000000                __TEXT_REGION_ORIGIN__ = DEFINED (__TEXT_REGION_ORIGIN__)?__TEXT_REGION_ORIGIN__:0x0
                0x00800060                __DATA_REGION_ORIGIN__ = DEFINED (__DATA_REGION_ORIGIN__)?__DATA_REGION_ORIGIN__:0x800060
                0x00020000                __TEXT_REGION_LENGTH__ = DEFINED (__TEXT_REGION_LENGTH__)?__TEXT_REGION_LENGTH__:0x20000
                0x0000ffa0                __DATA_REGION_LENGTH__ = DEFINED (__DATA_REGION_LENGTH__)?__DATA_REGION_LENGTH__:0xffa0
                0x00010000                __EEPROM_REGION_LENGTH__ = DEFINED (__EEPROM_REGION_LENGTH__)?__EEPROM_REGION_LENGTH__:0x10000
                [0x00000002]                __FUSE_REGION_LENGTH__ = DEFINED (__FUSE_REGION_LENGTH__)?__FUSE_REGION_LENGTH__:0x400
                0x00000400                __LOCK_REGION_LENGTH__ = DEFINED (__LOCK_REGION_LENGTH__)?__LOCK_REGION_LENGTH__:0x400
                0x00000400                __SIGNATURE_REGION_LENGTH__ = DEFINED (__SIGNATURE_REGION_LENGTH__)?__SIGNATURE_REGION_LENGTH__:0x400
                0x00000400                __USER_SIGNATURE_REGION_LENGTH__ = DEFINED (__USER_SIGNATURE_REGION_LENGTH__)?__USER_SIGNATURE_REGION_LENGTH__:0x400

.hash
 *(.hash)

.dynsym
 *(.dynsym)

.dynstr
 *(.dynstr)

.gnu.version
 *(.gnu.version)

.gnu.version_d
 *(.gnu.version_d)

.gnu.version_r
 *(.gnu.version_r)

.rel.init
 *(.rel.init)

.rela.init
 *(.rela.init)

.rel.text
 *(.rel.text)
 *(.rel.text.*)
 *(.rel.gnu.linkonce.t*)

.rela.text
 *(.rela.text)
 *(.rela.text.*)
 *(.rela.gnu.linkonce.t*)

.rel.fini
 *(.rel.fini)

.rela.fini
 *(.rela.fini)

.rel.rodata
 *(.rel.rodata)
 *(.rel.rodata.*)
 *(.rel.gnu.linkonce.r*)

.rela.rodata
 *(.rela.rodata)
 *(.rela.rodata.*)
 *(.rela.gnu.linkonce.r*)

.rel.data
 *(.rel.data)
 *(.rel.data.*)
 *(.rel.gnu.linkonce.d*)

.rela.data
 *(.rela.data)
 *(.rela.data.*)
 *(.rela.gnu.linkonce.d*)

.rel.ctors
 *(.rel.ctors)

.rela.ctors
 *(.rela.ctors)

.rel.dtors
 *(.rel.dtors)

.rela.dtors
 *(.rela.dtors)

.rel.got
 *(.rel.got)

.rela.got
 *(.rela.got)

.rel.bss
 *(.rel.bss)

.rela.bss
 *(.rela.bss)

.rel.plt
 *(.rel.plt)

.rela.plt
 *(.rela.plt)

.text           0x00000000      0x3f0
 *(.vectors)
 .vectors       0x00000000       0x54 D:/Atmel/7.0/Packs/atmel/ATmega_DFP/1.3.300/gcc/dev/atmega32/avr5/crtatmega32.o
                0x00000000                __vector_default
                0x00000000                __vectors
 *(.vectors)
 *(.progmem.gcc*)
                0x00000054                . = ALIGN (0x2)
                0x00000054                __trampolines_start = .
 *(.trampolines)
 .trampolines   0x00000054        0x0 linker stubs
 *(.trampolines*)
                0x00000054                __trampolines_end = .
 *libprintf_flt.a:*(.progmem.data)
 *libc.a:*(.progmem.data)
 *(.progmem*)
                0x00000054                . = ALIGN (0x2)
 *(.jumptables)
 *(.jumptables*)
 *(.lowtext)
 *(.lowtext*)
                0x00000054                __ctors_start = .
 *(.ctors)
                0x00000054                __ctors_end = .
                0x00000054                __dtors_start = .
 *(.dtors)
                0x00000054                __dtors_end = .
 SORT(*)(.ctors)
 SORT(*)(.dtors)
 *(.init0)
 .init0         0x00000054        0x0 D:/Atmel/7.0/Packs/atmel/ATmega_DFP/1.3.300/gcc/dev/atmega32/avr5/crtatmega32.o
                0x00000054                __init
 *(.init0)
 *(.init1)
 *(.init1)
 *(.init2)
 .init2         0x00000054        0xc D:/Atmel/7.0/Packs/atmel/ATmega_DFP/1.3.300/gcc/dev/atmega32/avr5/crtatmega32.o
 *(.init2)
 *(.init3)
 *(.init3)
 *(.init4)
 .init4         0x00000060       0x16 d:/atmel/7.0/toolchain/avr8/avr8-gnu-toolchain/bin/../lib/gcc/avr/5.4.0/avr5\libgcc.a(_copy_data.o)
                0x00000060                __do_copy_data
 .init4         0x00000076       0x10 d:/atmel/7.0/toolchain/avr8/avr8-gnu-toolchain/bin/../lib/gcc/avr/5.4.0/avr5\libgcc.a(_clear_bss.o)
                0x00000076                __do_clear_bss
 *(.init4)
 *(.init5)
 *(.init5)
 *(.init6)
 *(.init6)
 *(.init7)
 *(.init7)
 *(.init8)
 *(.init8)
 *(.init9)
 .init9         0x00000086        0x8 D:/Atmel/7.0/Packs/atmel/ATmega_DFP/1.3.300/gcc/dev/atmega32/avr5/crtatmega32.o
 *(.init9)
 *(.text)
 .text          0x0000008e        0x4 D:/Atmel/7.0/Packs/atmel/ATmega_DFP/1.3.300/gcc/dev/atmega32/avr5/crtatmega32.o
                0x0000008e                __vector_1
                0x0000008e                __vector_12
                0x0000008e                __bad_interrupt
                0x0000008e                __vector_6
                0x0000008e                __vector_3
                0x0000008e                __vector_11
                0x0000008e                __vector_13
                0x0000008e                __vector_17
                0x0000008e                __vector_19
                0x0000008e                __vector_7
                0x0000008e                __vector_5
                0x0000008e                __vector_4
                0x0000008e                __vector_2
                0x0000008e                __vector_15
                0x0000008e                __vector_8
                0x0000008e                __vector_14
                0x0000008e                __vector_10
                0x0000008e                __vector_16
                0x0000008e                __vector_18
                0x0000008e                __vector_20
                0x00000092                . = ALIGN (0x2)
 *(.text.*)
 .text.bus2_init
                0x00000092        0xe bus2.o
                0x00000092                bus2_init
 .text.TickFct_Defusal
                0x000000a0       0x40 defusal_sm.o
                0x000000a0                TickFct_Defusal
 .text.defuse_init
                0x000000e0        0xc defuse.o
                0x000000e0                defuse_init
 .text.CheckWires
                0x000000ec       0x5e defuse.o
                0x000000ec                CheckWires
 .text.get_kbd_char
                0x0000014a       0x90 kbd.o
                0x0000014a                get_kbd_char
 .text.kbd_init
                0x000001da       0x16 kbd.o
                0x000001da                kbd_init
 .text.TickFct_KBD
                0x000001f0      0x16e kbd_sm.o
                0x000001f0                TickFct_KBD
 .text.timer_init
                0x0000035e       0x1c main.o
                0x0000035e                timer_init
 .text.__vector_9
                0x0000037a       0x30 main.o
                0x0000037a                __vector_9
 .text.rand_init
                0x000003aa       0x10 main.o
                0x000003aa                rand_init
 .text.main     0x000003ba       0x32 main.o
                0x000003ba                main
                0x000003ec                . = ALIGN (0x2)
 *(.fini9)
 .fini9         0x000003ec        0x0 d:/atmel/7.0/toolchain/avr8/avr8-gnu-toolchain/bin/../lib/gcc/avr/5.4.0/avr5\libgcc.a(_exit.o)
                0x000003ec                _exit
                0x000003ec                exit
 *(.fini9)
 *(.fini8)
 *(.fini8)
 *(.fini7)
 *(.fini7)
 *(.fini6)
 *(.fini6)
 *(.fini5)
 *(.fini5)
 *(.fini4)
 *(.fini4)
 *(.fini3)
 *(.fini3)
 *(.fini2)
 *(.fini2)
 *(.fini1)
 *(.fini1)
 *(.fini0)
 .fini0         0x000003ec        0x4 d:/atmel/7.0/toolchain/avr8/avr8-gnu-toolchain/bin/../lib/gcc/avr/5.4.0/avr5\libgcc.a(_exit.o)
 *(.fini0)
                0x000003f0                _etext = .

.data           0x00800060       0x26 load address 0x000003f0
                0x00800060                PROVIDE (__data_start, .)
 *(.data)
 *(.data*)
 .data.wires    0x00800060        0x4 defuse.o
                0x00800060                wires
 .data.combos   0x00800064       0x10 kbd_sm.o
                0x00800064                combos
 *(.gnu.linkonce.d*)
 *(.rodata)
 *(.rodata*)
 .rodata.keys   0x00800074       0x11 kbd.o
 *(.gnu.linkonce.r*)
                0x00800086                . = ALIGN (0x2)
 *fill*         0x00800085        0x1 
                0x00800086                _edata = .
                0x00800086                PROVIDE (__data_end, .)

.bss            0x00800086        0x5
                0x00800086                PROVIDE (__bss_start, .)
 *(.bss)
 *(.bss*)
 .bss.TimerFlag
                0x00800086        0x1 main.o
                0x00800086                TimerFlag
 *(COMMON)
 COMMON         0x00800087        0x1 defusal_sm.o
                0x00800087                Defusal_State
 COMMON         0x00800088        0x2 kbd_sm.o
                0x00800088                KBD_State
                0x00800089                flash
 COMMON         0x0080008a        0x1 main.o
                0x0080008a                rnd
                0x0080008b                PROVIDE (__bss_end, .)
                0x000003f0                __data_load_start = LOADADDR (.data)
                0x00000416                __data_load_end = (__data_load_start + SIZEOF (.data))

.noinit         0x0080008b        0x0
                [!provide]                PROVIDE (__noinit_start, .)
 *(.noinit*)
                [!provide]                PROVIDE (__noinit_end, .)
                0x0080008b                _end = .
                [!provide]                PROVIDE (__heap_start, .)

.eeprom         0x00810000        0x0
 *(.eeprom*)
                0x00810000                __eeprom_end = .

.fuse
 *(.fuse)
 *(.lfuse)
 *(.hfuse)
 *(.efuse)

.lock
 *(.lock*)

.signature
 *(.signature*)

.user_signatures
 *(.user_signatures*)

.stab
 *(.stab)

.stabstr
 *(.stabstr)

.stab.excl
 *(.stab.excl)

.stab.exclstr
 *(.stab.exclstr)

.stab.index
 *(.stab.index)

.stab.indexstr
 *(.stab.indexstr)

.comment        0x00000000       0x30
 *(.comment)
 .comment       0x00000000       0x30 bus2.o
                                 0x31 (size before relaxing)
 .comment       0x00000030       0x31 defusal_sm.o
 .comment       0x00000030       0x31 defuse.o
 .comment       0x00000030       0x31 kbd.o
 .comment       0x00000030       0x31 kbd_sm.o
 .comment       0x00000030       0x31 main.o

.note.gnu.avr.deviceinfo
                0x00000000       0x3c
 .note.gnu.avr.deviceinfo
                0x00000000       0x3c D:/Atmel/7.0/Packs/atmel/ATmega_DFP/1.3.300/gcc/dev/atmega32/avr5/crtatmega32.o

.note.gnu.build-id
 *(.note.gnu.build-id)

.debug
 *(.debug)

.line
 *(.line)

.debug_srcinfo
 *(.debug_srcinfo)

.debug_sfnames
 *(.debug_sfnames)

.debug_aranges  0x00000000       0xf8
 *(.debug_aranges)
 .debug_aranges
                0x00000000       0x20 bus2.o
 .debug_aranges
                0x00000020       0x20 defusal_sm.o
 .debug_aranges
                0x00000040       0x28 defuse.o
 .debug_aranges
                0x00000068       0x38 kbd.o
 .debug_aranges
                0x000000a0       0x20 kbd_sm.o
 .debug_aranges
                0x000000c0       0x38 main.o

.debug_pubnames
 *(.debug_pubnames)

.debug_info     0x00000000      0xccc
 *(.debug_info .gnu.linkonce.wi.*)
 .debug_info    0x00000000      0x4e6 D:/Atmel/7.0/Packs/atmel/ATmega_DFP/1.3.300/gcc/dev/atmega32/avr5/crtatmega32.o
 .debug_info    0x000004e6       0x82 bus2.o
 .debug_info    0x00000568       0xe1 defusal_sm.o
 .debug_info    0x00000649      0x10c defuse.o
 .debug_info    0x00000755      0x217 kbd.o
 .debug_info    0x0000096c      0x163 kbd_sm.o
 .debug_info    0x00000acf      0x1fd main.o

.debug_abbrev   0x00000000      0x93b
 *(.debug_abbrev)
 .debug_abbrev  0x00000000      0x4a3 D:/Atmel/7.0/Packs/atmel/ATmega_DFP/1.3.300/gcc/dev/atmega32/avr5/crtatmega32.o
 .debug_abbrev  0x000004a3       0x4f bus2.o
 .debug_abbrev  0x000004f2       0xa8 defusal_sm.o
 .debug_abbrev  0x0000059a       0xd1 defuse.o
 .debug_abbrev  0x0000066b      0x11f kbd.o
 .debug_abbrev  0x0000078a       0xcb kbd_sm.o
 .debug_abbrev  0x00000855       0xe6 main.o

.debug_line     0x00000000      0x92a
 *(.debug_line .debug_line.* .debug_line_end)
 .debug_line    0x00000000      0x115 D:/Atmel/7.0/Packs/atmel/ATmega_DFP/1.3.300/gcc/dev/atmega32/avr5/crtatmega32.o
 .debug_line    0x00000115       0x9c bus2.o
 .debug_line    0x000001b1       0xf4 defusal_sm.o
 .debug_line    0x000002a5       0xe8 defuse.o
 .debug_line    0x0000038d      0x1f1 kbd.o
 .debug_line    0x0000057e      0x229 kbd_sm.o
 .debug_line    0x000007a7      0x183 main.o

.debug_frame    0x00000000      0x15c
 *(.debug_frame)
 .debug_frame   0x00000000       0x24 bus2.o
 .debug_frame   0x00000024       0x24 defusal_sm.o
 .debug_frame   0x00000048       0x34 defuse.o
 .debug_frame   0x0000007c       0x54 kbd.o
 .debug_frame   0x000000d0       0x24 kbd_sm.o
 .debug_frame   0x000000f4       0x68 main.o

.debug_str      0x00000000      0x487
 *(.debug_str)
 .debug_str     0x00000000      0x196 D:/Atmel/7.0/Packs/atmel/ATmega_DFP/1.3.300/gcc/dev/atmega32/avr5/crtatmega32.o
 .debug_str     0x00000196      0x155 bus2.o
                                0x189 (size before relaxing)
 .debug_str     0x000002eb       0x74 defusal_sm.o
                                0x1e7 (size before relaxing)
 .debug_str     0x0000035f       0x34 defuse.o
                                0x1b7 (size before relaxing)
 .debug_str     0x00000393       0x39 kbd.o
                                0x1ba (size before relaxing)
 .debug_str     0x000003cc       0x77 kbd_sm.o
                                0x205 (size before relaxing)
 .debug_str     0x00000443       0x44 main.o
                                0x283 (size before relaxing)

.debug_loc      0x00000000      0x2de
 *(.debug_loc)
 .debug_loc     0x00000000       0x13 defusal_sm.o
 .debug_loc     0x00000013       0x61 defuse.o
 .debug_loc     0x00000074      0x1c1 kbd.o
 .debug_loc     0x00000235       0x60 kbd_sm.o
 .debug_loc     0x00000295       0x49 main.o

.debug_macinfo
 *(.debug_macinfo)

.debug_weaknames
 *(.debug_weaknames)

.debug_funcnames
 *(.debug_funcnames)

.debug_typenames
 *(.debug_typenames)

.debug_varnames
 *(.debug_varnames)

.debug_pubtypes
 *(.debug_pubtypes)

.debug_ranges   0x00000000       0xe0
 *(.debug_ranges)
 .debug_ranges  0x00000000       0x10 bus2.o
 .debug_ranges  0x00000010       0x10 defusal_sm.o
 .debug_ranges  0x00000020       0x30 defuse.o
 .debug_ranges  0x00000050       0x58 kbd.o
 .debug_ranges  0x000000a8       0x10 kbd_sm.o
 .debug_ranges  0x000000b8       0x28 main.o

.debug_macro
 *(.debug_macro)
OUTPUT(CS145Project5-2.elf elf32-avr)
LOAD linker stubs
